------------------------------------------------------------
Timing Analyzer Summary
------------------------------------------------------------

Type  : Setup 'divisor_frequencia:dividirfreq|FF_jk:FF_contador0|q'
Slack : -4.084
TNS   : -12.228

Type  : Setup 'divisor_frequencia:dividirfreq|FF_jk:FF_contador1|q'
Slack : -3.066
TNS   : -10.389

Type  : Setup 'chave1'
Slack : -1.870
TNS   : -5.586

Type  : Setup 'divisor_frequencia:dividirfreq|FF_jk:FF_jk18|q'
Slack : 0.466
TNS   : 0.000

Type  : Setup 'divisor_frequencia:dividirfreq|FF_jk:FF_jk1|q'
Slack : 0.466
TNS   : 0.000

Type  : Setup 'divisor_frequencia:dividirfreq|FF_jk:FF_jk24|q'
Slack : 0.466
TNS   : 0.000

Type  : Setup 'divisor_frequencia:dividirfreq|FF_jk:FF_jk5|q'
Slack : 0.466
TNS   : 0.000

Type  : Setup 'divisor_frequencia:dividirfreq|FF_jk:FF_jk8|q'
Slack : 0.466
TNS   : 0.000

Type  : Setup 'divisor_frequencia:dividirfreq|FF_jk:FF_jk10|q'
Slack : 0.467
TNS   : 0.000

Type  : Setup 'divisor_frequencia:dividirfreq|FF_jk:FF_jk12|q'
Slack : 0.467
TNS   : 0.000

Type  : Setup 'divisor_frequencia:dividirfreq|FF_jk:FF_jk14|q'
Slack : 0.467
TNS   : 0.000

Type  : Setup 'divisor_frequencia:dividirfreq|FF_jk:FF_jk16|q'
Slack : 0.467
TNS   : 0.000

Type  : Setup 'divisor_frequencia:dividirfreq|FF_jk:FF_jk20|q'
Slack : 0.467
TNS   : 0.000

Type  : Setup 'divisor_frequencia:dividirfreq|FF_jk:FF_jk22|q'
Slack : 0.467
TNS   : 0.000

Type  : Setup 'divisor_frequencia:dividirfreq|FF_jk:FF_jk26|q'
Slack : 0.467
TNS   : 0.000

Type  : Setup 'divisor_frequencia:dividirfreq|FF_jk:FF_jk3|q'
Slack : 0.467
TNS   : 0.000

Type  : Setup 'divisor_frequencia:dividirfreq|FF_jk:FF_jk11|q'
Slack : 0.808
TNS   : 0.000

Type  : Setup 'divisor_frequencia:dividirfreq|FF_jk:FF_jk21|q'
Slack : 0.819
TNS   : 0.000

Type  : Setup 'divisor_frequencia:dividirfreq|FF_jk:FF_jk19|q'
Slack : 0.825
TNS   : 0.000

Type  : Setup 'divisor_frequencia:dividirfreq|FF_jk:FF_jk25|q'
Slack : 0.825
TNS   : 0.000

Type  : Setup 'divisor_frequencia:dividirfreq|FF_jk:FF_jk13|q'
Slack : 0.827
TNS   : 0.000

Type  : Setup 'divisor_frequencia:dividirfreq|FF_jk:FF_jk15|q'
Slack : 0.827
TNS   : 0.000

Type  : Setup 'divisor_frequencia:dividirfreq|FF_jk:FF_jk6|q'
Slack : 0.827
TNS   : 0.000

Type  : Setup 'divisor_frequencia:dividirfreq|FF_jk:FF_jk9|q'
Slack : 0.828
TNS   : 0.000

Type  : Setup 'divisor_frequencia:dividirfreq|FF_jk:FF_jk2|q'
Slack : 0.833
TNS   : 0.000

Type  : Setup 'divisor_frequencia:dividirfreq|FF_jk:FF_jk7|q'
Slack : 1.184
TNS   : 0.000

Type  : Setup 'divisor_frequencia:dividirfreq|FF_jk:FF_jk4|q'
Slack : 1.280
TNS   : 0.000

Type  : Setup 'divisor_frequencia:dividirfreq|FF_jk:FF_jk23|q'
Slack : 1.302
TNS   : 0.000

Type  : Setup 'divisor_frequencia:dividirfreq|FF_jk:FF_jk17|q'
Slack : 1.380
TNS   : 0.000

Type  : Setup 'clock_entrada'
Slack : 1.647
TNS   : 0.000

Type  : Hold 'clock_entrada'
Slack : -1.701
TNS   : -1.701

Type  : Hold 'divisor_frequencia:dividirfreq|FF_jk:FF_jk17|q'
Slack : -1.434
TNS   : -1.434

Type  : Hold 'divisor_frequencia:dividirfreq|FF_jk:FF_jk23|q'
Slack : -1.356
TNS   : -1.356

Type  : Hold 'divisor_frequencia:dividirfreq|FF_jk:FF_jk4|q'
Slack : -1.334
TNS   : -1.334

Type  : Hold 'divisor_frequencia:dividirfreq|FF_jk:FF_jk7|q'
Slack : -1.238
TNS   : -1.238

Type  : Hold 'divisor_frequencia:dividirfreq|FF_jk:FF_jk2|q'
Slack : -0.887
TNS   : -0.887

Type  : Hold 'divisor_frequencia:dividirfreq|FF_jk:FF_jk9|q'
Slack : -0.882
TNS   : -0.882

Type  : Hold 'divisor_frequencia:dividirfreq|FF_jk:FF_jk13|q'
Slack : -0.881
TNS   : -0.881

Type  : Hold 'divisor_frequencia:dividirfreq|FF_jk:FF_jk15|q'
Slack : -0.881
TNS   : -0.881

Type  : Hold 'divisor_frequencia:dividirfreq|FF_jk:FF_jk6|q'
Slack : -0.881
TNS   : -0.881

Type  : Hold 'divisor_frequencia:dividirfreq|FF_jk:FF_jk19|q'
Slack : -0.879
TNS   : -0.879

Type  : Hold 'divisor_frequencia:dividirfreq|FF_jk:FF_jk25|q'
Slack : -0.879
TNS   : -0.879

Type  : Hold 'divisor_frequencia:dividirfreq|FF_jk:FF_jk21|q'
Slack : -0.873
TNS   : -0.873

Type  : Hold 'divisor_frequencia:dividirfreq|FF_jk:FF_jk11|q'
Slack : -0.862
TNS   : -0.862

Type  : Hold 'divisor_frequencia:dividirfreq|FF_jk:FF_contador0|q'
Slack : -0.647
TNS   : -0.647

Type  : Hold 'chave1'
Slack : -0.535
TNS   : -1.597

Type  : Hold 'divisor_frequencia:dividirfreq|FF_jk:FF_jk10|q'
Slack : -0.521
TNS   : -0.521

Type  : Hold 'divisor_frequencia:dividirfreq|FF_jk:FF_jk12|q'
Slack : -0.521
TNS   : -0.521

Type  : Hold 'divisor_frequencia:dividirfreq|FF_jk:FF_jk14|q'
Slack : -0.521
TNS   : -0.521

Type  : Hold 'divisor_frequencia:dividirfreq|FF_jk:FF_jk16|q'
Slack : -0.521
TNS   : -0.521

Type  : Hold 'divisor_frequencia:dividirfreq|FF_jk:FF_jk20|q'
Slack : -0.521
TNS   : -0.521

Type  : Hold 'divisor_frequencia:dividirfreq|FF_jk:FF_jk22|q'
Slack : -0.521
TNS   : -0.521

Type  : Hold 'divisor_frequencia:dividirfreq|FF_jk:FF_jk26|q'
Slack : -0.521
TNS   : -0.521

Type  : Hold 'divisor_frequencia:dividirfreq|FF_jk:FF_jk3|q'
Slack : -0.521
TNS   : -0.521

Type  : Hold 'divisor_frequencia:dividirfreq|FF_jk:FF_jk18|q'
Slack : -0.520
TNS   : -0.520

Type  : Hold 'divisor_frequencia:dividirfreq|FF_jk:FF_jk1|q'
Slack : -0.520
TNS   : -0.520

Type  : Hold 'divisor_frequencia:dividirfreq|FF_jk:FF_jk24|q'
Slack : -0.520
TNS   : -0.520

Type  : Hold 'divisor_frequencia:dividirfreq|FF_jk:FF_jk5|q'
Slack : -0.520
TNS   : -0.520

Type  : Hold 'divisor_frequencia:dividirfreq|FF_jk:FF_jk8|q'
Slack : -0.520
TNS   : -0.520

Type  : Hold 'divisor_frequencia:dividirfreq|FF_jk:FF_contador1|q'
Slack : 0.661
TNS   : 0.000

Type  : Minimum Pulse Width 'chave1'
Slack : -2.289
TNS   : -2.289

Type  : Minimum Pulse Width 'clock_entrada'
Slack : -2.289
TNS   : -2.289

Type  : Minimum Pulse Width 'divisor_frequencia:dividirfreq|FF_jk:FF_contador0|q'
Slack : 0.234
TNS   : 0.000

Type  : Minimum Pulse Width 'divisor_frequencia:dividirfreq|FF_jk:FF_contador1|q'
Slack : 0.234
TNS   : 0.000

Type  : Minimum Pulse Width 'divisor_frequencia:dividirfreq|FF_jk:FF_jk10|q'
Slack : 0.234
TNS   : 0.000

Type  : Minimum Pulse Width 'divisor_frequencia:dividirfreq|FF_jk:FF_jk11|q'
Slack : 0.234
TNS   : 0.000

Type  : Minimum Pulse Width 'divisor_frequencia:dividirfreq|FF_jk:FF_jk12|q'
Slack : 0.234
TNS   : 0.000

Type  : Minimum Pulse Width 'divisor_frequencia:dividirfreq|FF_jk:FF_jk13|q'
Slack : 0.234
TNS   : 0.000

Type  : Minimum Pulse Width 'divisor_frequencia:dividirfreq|FF_jk:FF_jk14|q'
Slack : 0.234
TNS   : 0.000

Type  : Minimum Pulse Width 'divisor_frequencia:dividirfreq|FF_jk:FF_jk15|q'
Slack : 0.234
TNS   : 0.000

Type  : Minimum Pulse Width 'divisor_frequencia:dividirfreq|FF_jk:FF_jk16|q'
Slack : 0.234
TNS   : 0.000

Type  : Minimum Pulse Width 'divisor_frequencia:dividirfreq|FF_jk:FF_jk17|q'
Slack : 0.234
TNS   : 0.000

Type  : Minimum Pulse Width 'divisor_frequencia:dividirfreq|FF_jk:FF_jk18|q'
Slack : 0.234
TNS   : 0.000

Type  : Minimum Pulse Width 'divisor_frequencia:dividirfreq|FF_jk:FF_jk19|q'
Slack : 0.234
TNS   : 0.000

Type  : Minimum Pulse Width 'divisor_frequencia:dividirfreq|FF_jk:FF_jk1|q'
Slack : 0.234
TNS   : 0.000

Type  : Minimum Pulse Width 'divisor_frequencia:dividirfreq|FF_jk:FF_jk20|q'
Slack : 0.234
TNS   : 0.000

Type  : Minimum Pulse Width 'divisor_frequencia:dividirfreq|FF_jk:FF_jk21|q'
Slack : 0.234
TNS   : 0.000

Type  : Minimum Pulse Width 'divisor_frequencia:dividirfreq|FF_jk:FF_jk22|q'
Slack : 0.234
TNS   : 0.000

Type  : Minimum Pulse Width 'divisor_frequencia:dividirfreq|FF_jk:FF_jk23|q'
Slack : 0.234
TNS   : 0.000

Type  : Minimum Pulse Width 'divisor_frequencia:dividirfreq|FF_jk:FF_jk24|q'
Slack : 0.234
TNS   : 0.000

Type  : Minimum Pulse Width 'divisor_frequencia:dividirfreq|FF_jk:FF_jk25|q'
Slack : 0.234
TNS   : 0.000

Type  : Minimum Pulse Width 'divisor_frequencia:dividirfreq|FF_jk:FF_jk26|q'
Slack : 0.234
TNS   : 0.000

Type  : Minimum Pulse Width 'divisor_frequencia:dividirfreq|FF_jk:FF_jk2|q'
Slack : 0.234
TNS   : 0.000

Type  : Minimum Pulse Width 'divisor_frequencia:dividirfreq|FF_jk:FF_jk3|q'
Slack : 0.234
TNS   : 0.000

Type  : Minimum Pulse Width 'divisor_frequencia:dividirfreq|FF_jk:FF_jk4|q'
Slack : 0.234
TNS   : 0.000

Type  : Minimum Pulse Width 'divisor_frequencia:dividirfreq|FF_jk:FF_jk5|q'
Slack : 0.234
TNS   : 0.000

Type  : Minimum Pulse Width 'divisor_frequencia:dividirfreq|FF_jk:FF_jk6|q'
Slack : 0.234
TNS   : 0.000

Type  : Minimum Pulse Width 'divisor_frequencia:dividirfreq|FF_jk:FF_jk7|q'
Slack : 0.234
TNS   : 0.000

Type  : Minimum Pulse Width 'divisor_frequencia:dividirfreq|FF_jk:FF_jk8|q'
Slack : 0.234
TNS   : 0.000

Type  : Minimum Pulse Width 'divisor_frequencia:dividirfreq|FF_jk:FF_jk9|q'
Slack : 0.234
TNS   : 0.000

------------------------------------------------------------
